[debug] [2026-10-06T13:25:03.144Z] ----------------------------------------------------------------------
[debug] [2026-10-06T13:25:03.147Z] Command:       C:\Program Files\nodejs\node.exe C:\Users\Hp\AppData\Roaming\npm\node_modules\firebase-tools\lib\bin\firebase.js projects:list
[debug] [2026-10-06T13:25:03.147Z] CLI Version:   15.32.0
[debug] [2026-10-06T13:25:03.147Z] Platform:      win32
[debug] [2026-10-06T13:25:03.147Z] Node Version:  v22.20.0
[debug] [2026-10-06T13:25:03.148Z] Detected Agent: antigravity
[debug] [2026-10-06T13:25:03.148Z] Time:          Tue Oct 06 2026 16:25:03 GMT+0300 (التوقيت العربي الرسمي)
[debug] [2026-10-06T13:25:03.148Z] ----------------------------------------------------------------------
[debug] 
[debug] [2026-10-06T13:25:03.161Z] >>> [apiv2][query] GET https://firebase-public.firebaseio.com/cli.json [none]
[debug] [2026-10-06T13:25:03.211Z] > command requires scopes: ["email","openid","https://www.googleapis.com/auth/cloudplatformprojects.readonly","https://www.googleapis.com/auth/firebase","https://www.googleapis.com/auth/cloud-platform"]
[debug] [2026-10-06T13:25:03.211Z] > authorizing via signed-in user (yousf@fan-alelan.com)
[debug] [2026-10-06T13:25:03.214Z] Checked if tokens are valid: false, expires at: 1790971990551
[debug] [2026-10-06T13:25:03.215Z] Checked if tokens are valid: false, expires at: 1790971990551
[debug] [2026-10-06T13:25:03.215Z] > refreshing access token with scopes: []
[debug] [2026-10-06T13:25:03.216Z] >>> [apiv2][query] POST https://www.googleapis.com/oauth2/v3/token [none]
[debug] [2026-10-06T13:25:03.217Z] >>> [apiv2][body] POST https://www.googleapis.com/oauth2/v3/token [omitted]
[debug] [2026-10-06T13:25:05.108Z] <<< [apiv2][status] GET https://firebase-public.firebaseio.com/cli.json 200
[debug] [2026-10-06T13:25:05.108Z] <<< [apiv2][body] GET https://firebase-public.firebaseio.com/cli.json {"cloudBuildErrorAfter":1594252800000,"cloudBuildWarnAfter":1590019200000,"defaultNode10After":1594252800000,"minVersion":"3.0.5","node8DeploysDisabledAfter":1613390400000,"node8RuntimeDisabledAfter":1615809600000,"node8WarnAfter":1600128000000}
[debug] [2026-10-06T13:25:06.053Z] <<< [apiv2][status] POST https://www.googleapis.com/oauth2/v3/token 400
[debug] [2026-10-06T13:25:06.053Z] <<< [apiv2][body] POST https://www.googleapis.com/oauth2/v3/token [omitted]
[error] Authentication Error: Your credentials are no longer valid. Please run firebase login --reauth

For CI servers and headless environments, generate a new token with firebase login:ci
[error] Authentication Error: Your credentials are no longer valid. Please run firebase login --reauth

For CI servers and headless environments, generate a new token with firebase login:ci
[debug] [2026-10-06T13:25:06.054Z] Authentication Error: Your credentials are no longer valid. Please run firebase login --reauth

For CI servers and headless environments, generate a new token with firebase login:ci
[debug] [2026-10-06T13:25:06.467Z] FirebaseError: Authentication Error: Your credentials are no longer valid. Please run firebase login --reauth

For CI servers and headless environments, generate a new token with firebase login:ci
    at invalidCredentialError (C:\Users\Hp\AppData\Roaming\npm\node_modules\firebase-tools\lib\auth.js:178:12)
    at refreshTokens (C:\Users\Hp\AppData\Roaming\npm\node_modules\firebase-tools\lib\auth.js:607:15)
    at process.processTicksAndRejections (node:internal/process/task_queues:105:5)
    at async getAccessToken (C:\Users\Hp\AppData\Roaming\npm\node_modules\firebase-tools\lib\apiv2.js:53:18)
    at async Client.addAuthHeader (C:\Users\Hp\AppData\Roaming\npm\node_modules\firebase-tools\lib\apiv2.js:209:21)
    at async Client.request (C:\Users\Hp\AppData\Roaming\npm\node_modules\firebase-tools\lib\apiv2.js:156:34)
    at async getProjectPage (C:\Users\Hp\AppData\Roaming\npm\node_modules\firebase-tools\lib\management\projects.js:301:17)
    at async getFirebaseProjectPage (C:\Users\Hp\AppData\Roaming\npm\node_modules\firebase-tools\lib\management\projects.js:318:23)
    at async listFirebaseProjects (C:\Users\Hp\AppData\Roaming\npm\node_modules\firebase-tools\lib\management\projects.js:347:29)
    at async Command.actionFn (C:\Users\Hp\AppData\Roaming\npm\node_modules\firebase-tools\lib\commands\projects-list.js:51:20)
[error] 
[error] Error: Failed to list Firebase projects. See firebase-debug.log for more info.
